// Jest Snapshot v1, https://goo.gl/fbAQLP

exports[`analytics snapshot test 1`] = `
<div
  className="container"
  style={
    Object {
      "padding": "20px",
      "position": "relative",
    }
  }
>
  <div
    className="row"
  >
    <div
      className="col-sm"
    >
      <div
        className="card"
        style={
          Object {
            "backgroundColor": "#B5E48C",
            "borderColor": "#B5E48C",
            "borderRadius": "10px",
            "height": "27rem",
            "margin": "auto",
            "marginTop": "20px",
            "width": "23rem",
          }
        }
      >
        <div
          className="card-body"
        >
          <h5
            className="text-center"
          >
            Completed Tasks
          </h5>
          <div
            style={
              Object {
                "overflow": "hidden",
                "overflowY": "scroll",
              }
            }
          >
            <ul
              style={
                Object {
                  "height": "310px",
                }
              }
            />
          </div>
        </div>
      </div>
    </div>
    <div
      className="col-sm"
    >
      <div
        className="card"
        style={
          Object {
            "backgroundColor": "#B5E48C",
            "borderColor": "#B5E48C",
            "borderRadius": "10px",
            "height": "27rem",
            "margin": "auto",
            "marginTop": "20px",
            "width": "23rem",
          }
        }
      >
        <div
          className="card-body"
        >
          <h5
            className="text-center"
          >
            Incompleted Tasks
          </h5>
          <div
            style={
              Object {
                "overflow": "hidden",
                "overflowY": "scroll",
              }
            }
          >
            <ul
              style={
                Object {
                  "height": "310px",
                }
              }
            />
          </div>
        </div>
      </div>
    </div>
  </div>
  <div
    className="navbar-brand"
    style={
      Object {
        "display": "flex",
        "justifyContent": "center",
        "marginTop": "30px",
      }
    }
  >
    <button
      className="btn btn-primary"
      disabled={false}
      onClick={[Function]}
      style={
        Object {
          "backgroundColor": "#C30000",
          "borderColor": "#C30000",
          "color": "black",
          "fontSize": "25px",
          "fontWeight": "bold",
          "height": "50px",
          "width": "120px",
        }
      }
      type="button"
    >
      Return
    </button>
  </div>
</div>
`;
