// Jest Snapshot v1, https://goo.gl/fbAQLP

exports[`Snapshot Test 1`] = `
<div
  className="container"
  style={
    Object {
      "padding": "20px",
      "position": "relative",
    }
  }
>
  <h1
    className="text-center"
  />
  <h3
    className="text-center"
  >
    You do not have any tasks assigned for
     
    !
  </h3>
</div>
`;
