// Jest Snapshot v1, https://goo.gl/fbAQLP

exports[`Snapshot Test 1`] = `
<div
  className="container"
>
  <h1
    className="profile-text"
  >
    Profile
  </h1>
  <div
    className="container profile-container"
  >
    <div
      className="row justify-content-between"
    >
      <div
        className="col-4 d-flex flex-column"
      >
        <img
          alt="profile"
          className="profile-pic"
          src="https://t4.ftcdn.net/jpg/00/64/67/63/360_F_64676383_LdbmhiNM6Ypzb3FM4PPuFP9rHe7ri8Ju.jpg"
        />
        <button
          className="btn profile-button"
          onClick={[Function]}
          type="button"
        >
          <strong>
            Message
          </strong>
        </button>
      </div>
      <div
        className="col-7"
      >
        <h3
          className="profile-text"
        >
          Dustin Fang
        </h3>
        <p
          className="profile-text"
        >
          Year: 
          2024
        </p>
        <p
          className="profile-text"
        >
          Major: 
          Computer Science
        </p>
        <p
          className="profile-text"
        >
          Email: 
          fdustin@seas.upenn.edu
        </p>
      </div>
    </div>
  </div>
</div>
`;
