// Jest Snapshot v1, https://goo.gl/fbAQLP

exports[`Snapshot Test 1`] = `
<div
  className="container"
  style={
    Object {
      "padding": "120px",
      "position": "relative",
    }
  }
>
  <h1
    className="text-center"
  >
    Log-in
  </h1>
  <div
    className="card"
    style={
      Object {
        "backgroundColor": "#B5E48C",
        "borderColor": "#B5E48C",
        "borderRadius": "10px",
        "margin": "auto",
        "marginTop": "20px",
        "width": "23rem",
      }
    }
  >
    <div
      className="card-body"
    >
      <form
        className=""
      >
        <div
          className="mb-3"
        >
          <label
            className="form-label"
            htmlFor="formBasicEmail"
          >
            Email
          </label>
          <input
            className="form-control"
            id="formBasicEmail"
            onChange={[Function]}
            style={
              Object {
                "height": "25px",
              }
            }
            type="email"
          />
          <label
            className="form-label"
            htmlFor="formBasicEmail"
          >
            Password
          </label>
          <input
            className="form-control"
            id="formBasicEmail"
            onChange={[Function]}
            style={
              Object {
                "height": "25px",
              }
            }
            type="password"
          />
        </div>
      </form>
    </div>
  </div>
  <div
    className="navbar-brand"
    style={
      Object {
        "display": "flex",
        "justifyContent": "center",
        "marginTop": "30px",
      }
    }
  >
    <button
      className="btn btn-primary"
      disabled={false}
      onClick={[Function]}
      style={
        Object {
          "backgroundColor": "#6A9B72",
          "borderColor": "#6A9B72",
          "color": "black",
          "fontSize": "25px",
          "fontWeight": "bold",
          "height": "50px",
          "width": "120px",
        }
      }
      type="button"
    >
      Log-in
    </button>
  </div>
</div>
`;
